ERR3219854.377839	scaf2	10	2016:-_411:+ 2013:+_414:- 1337:+_1089:- 641:+_1777:- 482:+_1936:- 226:-_2195:+ 152:+_2269:- 122:-_2299:+ 106:+_2315:- 100:-_2321:+
ERR3219854.377839	scaf1	19	8290:-_2997:+ 7982:+_3306:- 7045:-_4257:+ 5826:-_5475:+ 5625:-_5681:+ 5381:-_5925:+ 4936:+_6378:- 4717:+_6596:- 4620:-_6691:+ 4136:+_7169:- 4013:+_7293:- 2964:-_8339:+ 2844:-_8452:+ 2765:-_8526:+ 2490:+_8795:- 924:+_10349:- 303:-_10977:+ 186:-_11096:+ 116:-_11166:+
ERR3219857.526030	scaf1	12	6741:+_1182:- 6403:-_1521:+ 6194:+_1731:- 5449:+_2477:- 4956:+_2973:- 4448:-_3491:+ 4441:+_3498:- 4437:-_3502:+ 4013:+_3922:- 2203:-_5724:+ 1925:-_5988:+ 2:+_7887:-
ERR3219854.1617584	scaf2	7	1989:-_170:+ 1497:-_661:+ 992:-_1167:+ 497:+_1669:- 482:+_1684:- 226:-_1941:+ 122:-_2043:+
ERR3219854.1617584	scaf1	13	7982:+_3012:- 7045:-_3938:+ 6003:-_4972:+ 5467:-_5500:+ 4039:-_6908:+ 3516:-_7433:+ 3402:+_7541:- 1968:+_8964:- 1949:-_8983:+ 1531:-_9397:+ 1306:-_9615:+ 924:+_10001:- 86:+_10848:-
ERR3219854.3730316	scaf1	14	228:+_9497:+ 586:-_9856:- 956:-_10229:- 1087:+_10361:+ 2203:-_11452:- 3516:-_12735:- 4136:+_13325:+ 4448:-_13626:- 4613:+_13785:+ 5310:+_14476:+ 5467:-_14633:- 5972:-_15126:- 6127:+_15284:+ 7775:-_16909:-
ERR3219854.1019887	scaf2	26	10470:+_751:- 10183:+_1039:- 9998:+_1219:- 9317:+_1906:- 8899:+_2312:- 8156:+_3046:- 8151:-_3051:+ 7667:-_3531:+ 7311:-_3888:+ 7084:-_4108:+ 5112:-_6056:+ 4498:+_6663:- 4283:+_6875:- 4121:+_7040:- 3930:-_7231:+ 3676:+_7487:- 3644:-_7519:+ 3585:+_7578:- 3337:-_7829:+ 3292:+_7874:- 2875:+_8290:- 2562:+_8606:- 2275:-_8891:+ 2221:+_8942:- 1756:+_9403:- 365:+_10783:-
ERR3219854.1019887	scaf1	13	8369:-_11631:+ 8223:-_11778:+ 8098:-_11902:+ 7045:-_12943:+ 6998:-_12989:+ 6909:+_13075:- 6741:+_13238:- 6254:-_13714:+ 5864:+_14107:- 5666:+_14306:- 5261:+_14710:- 723:-_19140:+ 389:+_19464:-
ERR3219854.4379419	scaf2	4	725:-_1169:+ 596:+_1295:- 383:-_1509:+ 226:-_1664:+
ERR3219854.4379419	scaf1	14	8835:-_1921:+ 8369:-_2387:+ 8223:-_2532:+ 7852:-_2906:+ 7441:-_3322:+ 7327:-_3433:+ 6998:-_3753:+ 6562:+_4190:- 6403:-_4348:+ 6194:+_4553:- 4994:-_5750:+ 4013:+_6734:- 4008:+_6739:- 1925:-_8815:+
ERR3219857.4173914	scaf1	21	176:+_5780:+ 186:-_5790:- 586:-_6185:- 924:+_6510:+ 1253:+_6839:+ 1694:+_7265:+ 2997:-_8545:- 3333:-_8887:- 4039:-_9580:- 4136:+_9674:+ 5223:+_10742:+ 5261:+_10780:+ 6562:+_12064:+ 7045:-_12550:- 7119:-_12632:- 7587:+_13095:+ 7852:-_13356:- 7859:+_13363:+ 7944:+_13448:+ 8290:-_13791:- 8718:+_14175:+
ERR3219857.4173914	scaf2	4	152:+_14463:+ 226:-_14537:- 596:+_14897:+ 908:+_15206:+
ERR3219857.3182056	scaf1	8	7119:-_272:+ 6998:-_392:+ 6194:+_1186:- 5262:+_2135:- 5261:+_2136:- 4039:-_3353:+ 4013:+_3379:- 1783:+_5617:-
ERR3219854.4469443	scaf1	11	7306:-_3124:+ 6741:+_3677:- 5449:+_4962:- 5310:+_5104:- 4994:-_5424:+ 4578:+_5838:- 4437:-_5981:+ 1558:+_8881:- 1119:+_9320:- 186:-_10261:+ 2:+_10443:-
ERR3219854.37502	scaf1	13	303:-_4875:- 956:-_5510:- 1087:+_5642:+ 1253:+_5806:+ 2490:+_7017:+ 3210:+_7724:+ 3257:+_7771:+ 3516:-_8028:- 3909:-_8412:- 5210:-_9689:- 5310:+_9789:+ 5625:-_10097:- 6035:-_10488:-
ERR3219854.37502	scaf2	10	100:-_13342:- 1213:+_14433:+ 1656:+_14865:+ 1737:-_14945:- 1798:+_15003:+ 1989:-_15196:- 2013:+_15220:+ 2221:+_15422:+ 2345:+_15551:+ 2479:-_15686:-
ERR3219854.214832	scaf2	19	8288:-_128:+ 8277:+_139:- 8178:-_233:+ 6340:+_2053:- 6337:+_2056:- 5886:+_2494:- 4628:+_3726:- 4426:+_3926:- 4332:-_4024:+ 3703:+_4637:- 3549:-_4787:+ 3004:-_5317:+ 2997:-_5324:+ 2221:+_6100:- 1989:-_6339:+ 1395:-_6920:+ 1213:+_7099:- 908:+_7398:- 861:+_7445:-
ERR3219854.214832	scaf1	11	7852:-_9304:+ 7327:-_9828:+ 6998:-_10149:+ 6741:+_10409:- 6403:-_10742:+ 6003:-_11138:+ 5721:-_11418:+ 5625:-_11515:+ 4717:+_12419:- 2587:-_14520:+ 228:+_16883:-
ERR3219854.5130608	scaf1	11	924:+_4511:+ 2587:-_6161:- 3909:-_7450:- 4136:+_7666:+ 4936:+_8444:+ 4956:+_8464:+ 6403:-_9948:- 6447:-_9992:- 7045:-_10592:- 7852:-_11397:- 8223:-_11768:-
ERR3219854.5130608	scaf2	1	226:-_12630:-
ERR3219857.1806719	scaf1	11	116:-_3475:- 1492:+_4868:+ 1783:+_5158:+ 1949:-_5312:- 2587:-_5964:- 4013:+_7407:+ 4390:-_7749:- 5721:-_9098:- 6684:-_10083:- 7045:-_10442:- 7223:-_10627:-
ERR3219857.1806733	scaf1	4	6447:-_2156:+ 5223:+_3328:- 4994:-_3551:+ 4936:+_3608:-
ERR3219854.3050080	scaf2	3	1948:+_1004:- 1856:+_1097:- 226:-_2659:+
ERR3219854.3050080	scaf1	9	5864:+_5862:- 4994:-_6738:+ 4760:+_6974:- 1558:+_10166:- 1210:-_10509:+ 876:-_10831:+ 782:+_10926:- 686:+_11021:- 116:-_11568:+
ERR3219857.5650985	scaf2	1	1069:+_825:-
ERR3219857.5650985	scaf1	3	5790:-_4993:+ 4378:-_6420:+ 1087:+_9693:-
ERR3219857.754843	scaf2	3	1113:-_272:+ 497:+_894:- 226:-_1163:+
ERR3219857.754843	scaf1	16	8223:-_2024:+ 8023:+_2225:- 7982:+_2266:- 7306:-_2923:+ 6998:-_3231:+ 6403:-_3820:+ 6147:-_4067:+ 5666:+_4541:- 5223:+_4972:- 4620:-_5584:+ 4013:+_6187:- 3701:-_6501:+ 2765:-_7438:+ 2247:+_7962:- 86:+_10089:- 2:+_10171:-
ERR3219854.5377757	scaf1	3	7223:-_1770:+ 4613:+_4399:- 1698:-_7367:+
ERR3219857.5661041	scaf1	12	1558:+_3694:+ 4008:+_6163:+ 4013:+_6168:+ 4136:+_6291:+ 4289:-_6445:- 4378:-_6532:- 4390:-_6544:- 5721:-_7904:- 7676:-_9891:- 8223:-_10453:- 8290:-_10521:- 8718:+_10961:+
ERR3219857.5661041	scaf2	8	100:-_11210:- 106:+_11216:+ 1337:+_12470:+ 1564:-_12697:- 1948:+_13087:+ 2088:-_13229:- 3088:+_14246:+ 3337:-_14508:-
ERR3219854.5511040	scaf1	23	6998:-_304:+ 6909:+_392:- 6741:+_577:- 6447:-_861:+ 6403:-_905:+ 6017:-_1294:+ 6003:-_1308:+ 5310:+_2004:- 5134:-_2178:+ 4994:-_2323:+ 4717:+_2597:- 4437:-_2876:+ 4378:-_2934:+ 3112:-_4173:+ 2018:-_5256:+ 1558:+_5719:- 1425:+_5848:- 1369:-_5905:+ 956:-_6318:+ 924:+_6350:- 553:-_6718:+ 186:-_7096:+ 176:+_7106:-
ERR3219857.3730422	scaf1	13	986:-_1387:- 1558:+_1947:+ 2018:-_2391:- 2527:-_2889:- 2643:+_3019:+ 2997:-_3373:- 4994:-_5364:- 6194:+_6546:+ 6447:-_6797:- 6562:+_6911:+ 7045:-_7385:- 7095:-_7435:- 7441:-_7772:-
ERR3219854.4535432	scaf2	16	4426:+_1945:- 3865:-_2494:+ 3292:+_3078:- 3004:-_3367:+ 2997:-_3374:+ 2792:+_3578:- 2242:+_4135:- 2016:-_4367:+ 2013:+_4370:- 1856:+_4531:- 1756:+_4630:- 1737:-_4649:+ 794:-_5585:+ 383:-_5997:+ 365:+_6015:- 226:-_6149:+
ERR3219854.4535432	scaf1	7	8478:-_6757:+ 8369:-_6867:+ 6403:-_8821:+ 5271:+_9963:- 4936:+_10299:- 4613:+_10624:- 116:-_15078:+
ERR3219857.3907361	scaf2	29	11458:-_88:+ 11401:-_145:+ 11203:+_348:- 10748:-_808:+ 9998:+_1541:- 9871:+_1663:- 8996:+_2513:- 8515:-_2988:+ 8178:-_3314:+ 7416:+_4077:- 6589:-_4896:+ 5886:+_5584:- 5112:-_6350:+ 4800:-_6658:+ 4628:+_6829:- 4121:+_7336:- 3644:-_7809:+ 3469:-_7980:+ 3088:+_8348:- 2088:-_9365:+ 2016:-_9437:+ 2013:+_9440:- 1756:+_9690:- 1656:+_9787:- 1564:-_9879:+ 992:-_10448:+ 951:-_10489:+ 641:+_10795:- 596:+_10840:-
ERR3219857.3907361	scaf1	22	7517:+_12768:- 7441:-_12844:+ 7327:-_12959:+ 7306:-_12980:+ 7045:-_13238:+ 6774:-_13517:+ 6127:+_14161:- 5721:-_14560:+ 5666:+_14616:- 5625:-_14657:+ 4994:-_15295:+ 4717:+_15574:- 4039:-_16231:+ 3780:-_16489:+ 3516:-_16752:+ 2203:-_18057:+ 1694:+_18560:- 1558:+_18694:- 1531:-_18721:+ 956:-_19287:+ 723:-_19509:+ 686:+_19546:-
ERR3219857.39676	scaf1	15	924:+_205:+ 956:-_237:- 986:-_267:- 1694:+_967:+ 2527:-_1779:- 3456:+_2690:+ 3909:-_3150:- 4013:+_3258:+ 4039:-_3284:- 5666:+_4903:+ 6194:+_5429:+ 6748:+_5990:+ 6875:+_6115:+ 6998:-_6241:- 7095:-_6338:-
ERR3219857.6522282	scaf1	5	1658:+_719:+ 5972:-_5071:- 6351:-_5452:- 6447:-_5547:- 7587:+_6685:+
ERR3219857.6522282	scaf2	9	1775:-_9759:- 1798:+_9782:+ 2221:+_10210:+ 2479:-_10486:- 6589:-_14672:- 6810:+_14899:+ 7890:-_16007:- 7994:+_16110:+ 8277:+_16388:+
ERR3219854.2904331	scaf1	6	3087:-_1316:- 3108:-_1337:- 3112:-_1341:- 3210:+_1440:+ 4240:-_2458:- 5666:+_3838:+
ERR3219854.2904331	scaf2	23	641:+_7524:+ 908:+_7775:+ 1213:+_8093:+ 1239:+_8119:+ 1775:-_8663:- 1989:-_8875:- 2387:+_9275:+ 2562:+_9454:+ 3585:+_10459:+ 3644:-_10517:- 3865:-_10742:- 3878:+_10755:+ 3966:-_10841:- 4121:+_11001:+ 4426:+_11307:+ 5322:+_12189:+ 5392:-_12259:- 5577:-_12440:- 6337:+_13194:+ 6340:+_13197:+ 6810:+_13656:+ 6820:+_13666:+ 7311:-_14148:-
ERR3219857.6267453	scaf1	3	3909:-_1930:- 7119:-_5162:- 8724:+_6807:+
ERR3219857.6267453	scaf2	1	77:-_7030:-
ERR3219857.3178156	scaf2	2	1948:+_256:- 1856:+_350:-
ERR3219857.3178156	scaf1	6	8098:-_2956:+ 7045:-_3999:+ 5833:+_5187:- 4994:-_6016:+ 4717:+_6292:- 3516:-_7465:+
ERR3219854.1273509	scaf2	24	10481:-_177:+ 10470:+_188:- 9871:+_782:- 9317:+_1335:- 8996:+_1655:- 8391:-_2252:+ 8277:+_2368:- 7861:-_2780:+ 7740:+_2914:- 7398:+_3261:- 7311:-_3353:+ 5322:+_5301:- 4800:-_5819:+ 3644:-_6948:+ 3585:+_7006:- 3292:+_7292:- 3157:-_7422:+ 3088:+_7491:- 2498:-_8083:+ 2429:-_8152:+ 1989:-_8586:+ 1856:+_8716:- 1072:+_9488:- 226:-_10319:+
ERR3219854.1273509	scaf1	10	7852:-_11542:+ 7441:-_11955:+ 7045:-_12350:+ 6909:+_12478:- 5972:-_13362:+ 5261:+_14058:- 4136:+_15169:- 4013:+_15285:- 4008:+_15290:- 3402:+_15875:-
ERR3219854.1229509	scaf1	10	3516:-_188:- 4936:+_1585:+ 4956:+_1605:+ 6194:+_2843:+ 6562:+_3229:+ 6998:-_3661:- 7095:-_3759:- 7412:+_4078:+ 8098:-_4764:- 8835:-_5504:-
ERR3219854.1229509	scaf2	12	100:-_5630:- 106:+_5636:+ 1497:-_7008:- 3337:-_8874:- 6031:+_11550:+ 6039:-_11558:- 7667:-_13164:- 7740:+_13234:+ 7890:-_13384:- 8647:-_14135:- 9166:+_14656:+ 10088:-_15564:-
ERR3219854.2111086	scaf1	4	5625:-_1868:- 6147:-_2402:- 7207:+_3478:+ 7587:+_3854:+
ERR3219854.2111086	scaf2	11	497:+_5606:+ 2429:-_7510:- 2498:-_7576:- 2691:+_7770:+ 3004:-_8085:- 3157:-_8232:- 3585:+_8660:+ 4031:-_9109:- 4038:+_9116:+ 4332:-_9412:- 5281:+_10363:+
ERR3219854.3427181	scaf1	10	4136:+_38:+ 4160:+_62:+ 4378:-_282:- 5467:-_1363:- 5721:-_1622:- 6147:-_2036:- 6521:+_2418:+ 7045:-_2933:- 7587:+_3478:+ 7852:-_3738:-
ERR3219854.3427181	scaf2	15	365:+_5116:+ 497:+_5247:+ 992:-_5731:- 1080:+_5823:+ 1395:-_6139:- 1856:+_6603:+ 2016:-_6765:- 2368:+_7120:+ 3585:+_8337:+ 4031:-_8783:- 4038:+_8790:+ 4283:+_9035:+ 5262:+_10000:+ 5392:-_10127:- 5512:-_10247:-
ERR3219857.5885607	scaf2	2	641:+_475:- 497:+_619:-
ERR3219857.5885607	scaf1	10	8369:-_1613:+ 8290:-_1691:+ 8098:-_1880:+ 8087:-_1891:+ 7327:-_2664:+ 6194:+_3801:- 5467:-_4536:+ 5449:+_4554:- 4717:+_5295:- 4620:-_5404:+
ERR3219854.228558	scaf2	15	3757:+_175:- 3644:-_288:+ 3585:+_347:- 3292:+_641:- 3004:-_927:+ 2997:-_934:+ 2923:-_1007:+ 2387:+_1546:- 2221:+_1704:- 1756:+_2149:- 1497:-_2413:+ 1435:+_2474:- 861:+_3045:- 596:+_3310:- 122:-_3771:+
ERR3219854.228558	scaf1	8	8718:+_4040:- 8223:-_4532:+ 7852:-_4896:+ 6562:+_6196:- 5826:-_6945:+ 5467:-_7299:+ 5449:+_7317:- 4994:-_7782:+
ERR3219854.1013007	scaf1	17	5449:+_318:+ 5721:-_594:- 5972:-_845:- 5990:-_863:- 6003:-_876:- 6017:-_890:- 6021:+_894:+ 6254:-_1127:- 6351:-_1225:- 6447:-_1321:- 6562:+_1436:+ 6998:-_1859:- 7045:-_1906:- 7095:-_1956:- 7119:-_1980:- 7412:+_2272:+ 7676:-_2528:-
ERR3219854.1013007	scaf2	36	365:+_4030:+ 794:-_4452:- 861:+_4520:+ 908:+_4567:+ 1069:+_4732:+ 1072:+_4735:+ 1395:-_5062:- 1856:+_5526:+ 1989:-_5661:- 2203:+_5885:+ 2275:-_5961:- 2429:-_6121:- 2479:-_6170:- 2498:-_6189:- 3088:+_6778:+ 3480:+_7168:+ 3757:+_7440:+ 4824:+_8506:+ 5322:+_8999:+ 5392:-_9068:- 5643:+_9318:+ 5680:+_9355:+ 7667:-_11324:- 7788:+_11446:+ 7861:-_11523:- 8492:+_12131:+ 8507:+_12146:+ 9247:+_12870:+ 9249:-_12872:- 9484:+_13103:+ 9486:+_13105:+ 9871:+_13473:+ 10263:+_13868:+ 10620:+_14216:+ 10889:+_14487:+ 11017:+_14614:+
ERR3219857.3501043	scaf1	1	8835:-_3678:-
ERR3219857.3501043	scaf2	9	497:+_4207:+ 1069:+_4766:+ 1072:+_4769:+ 1080:+_4777:+ 2013:+_5717:+ 2203:+_5906:+ 3004:-_6717:- 4426:+_8137:+ 6016:+_9741:+
ERR3219854.1786015	scaf1	3	6194:+_770:+ 6998:-_1585:- 7852:-_2424:-
ERR3219854.1786015	scaf2	12	100:-_3505:- 365:+_3772:+ 794:-_4204:- 2345:+_5766:+ 3337:-_6757:- 3549:-_6974:- 3585:+_7010:+ 4121:+_7537:+ 4283:+_7700:+ 5392:-_8806:- 6031:+_9448:+ 7205:-_10620:-
ERR3219857.1800433	scaf2	24	9501:+_36:- 9249:-_291:+ 9247:+_293:- 8288:-_1237:+ 8277:+_1248:- 8156:+_1365:- 8151:-_1370:+ 8023:-_1500:+ 7667:-_1867:+ 6810:+_2724:- 4426:+_5090:- 4283:+_5232:- 4233:+_5282:- 4121:+_5389:- 4038:+_5471:- 4031:-_5478:+ 3757:+_5756:- 3549:-_5961:+ 3088:+_6407:- 2875:+_6620:- 2630:+_6864:- 1989:-_7505:+ 1395:-_8099:+ 226:-_9273:+
ERR3219857.1800433	scaf1	4	7441:-_10893:+ 7045:-_11281:+ 6998:-_11328:+ 6403:-_11922:+
ERR3219854.3680068	scaf1	3	6194:+_206:+ 6562:+_587:+ 8835:-_2839:-
ERR3219854.3680068	scaf2	20	641:+_3516:+ 908:+_3783:+ 992:-_3869:- 1239:+_4121:+ 1737:-_4623:- 1798:+_4681:+ 2345:+_5238:+ 3088:+_5978:+ 3157:-_6050:- 3292:+_6184:+ 3366:+_6258:+ 3676:+_6575:+ 7311:-_10198:- 7667:-_10550:- 8034:-_10919:- 8151:-_11031:- 8156:+_11036:+ 8178:-_11058:- 8758:-_11622:- 10363:-_13235:-
ERR3219857.6163501	scaf1	1	7045:-_897:-
ERR3219857.6163501	scaf2	4	365:+_3130:+ 383:-_3148:- 497:+_3261:+ 908:+_3677:+
ERR3219857.3085817	scaf1	5	7119:-_663:- 7676:-_1218:- 7681:+_1223:+ 7982:+_1514:+ 8369:-_1896:-
ERR3219857.3085817	scaf2	10	1069:+_3439:+ 3585:+_5981:+ 3757:+_6145:+ 4283:+_6668:+ 5577:-_7958:- 5864:-_8249:- 6810:+_9180:+ 6820:+_9190:+ 7398:+_9761:+ 8288:-_10646:-
ERR3219854.1384918	scaf1	2	7852:-_123:- 8478:-_780:-
ERR3219854.1384918	scaf2	42	861:+_1981:+ 992:-_2106:- 1564:-_2665:- 1798:+_2894:+ 1856:+_2952:+ 2013:+_3112:+ 2016:-_3115:- 2748:-_3940:- 4498:+_5665:+ 4800:-_5971:- 4988:-_6152:- 5112:-_6276:- 6031:+_7185:+ 6039:-_7193:- 6820:+_7965:+ 7667:-_8796:- 7740:+_8869:+ 8023:-_9135:- 8156:+_9266:+ 8288:-_9400:- 8647:-_9757:- 9166:+_10274:+ 9486:+_10593:+ 9691:-_10801:- 9961:+_11070:+ 9998:+_11107:+ 10088:-_11199:- 12144:+_13243:+ 12892:-_13980:- 13007:+_14097:+ 13172:+_14259:+ 13181:+_14268:+ 14322:+_15409:+ 14381:-_15470:- 15095:-_16177:- 15263:-_16344:- 15455:-_16532:- 15818:+_16897:+ 18604:-_19660:- 18670:+_19725:+ 19363:-_20419:- 21897:+_22935:+
ERR3219857.6642631	scaf2	17	14414:+_968:- 13950:+_1447:- 13939:-_1458:+ 11858:-_3545:+ 11629:+_3785:- 11209:+_4218:- 11203:+_4224:- 10183:+_5281:- 9871:+_5602:- 9317:+_6146:- 8156:+_7318:- 7311:-_8203:+ 7127:+_8393:- 6858:+_8667:- 2748:-_12819:+ 2429:-_13137:+ 2221:+_13358:-
ERR3219857.1238807	scaf2	37	100:-_1055:- 861:+_1815:+ 1435:+_2396:+ 1656:+_2611:+ 2013:+_2966:+ 2562:+_3497:+ 2630:+_3565:+ 2997:-_3925:- 3004:-_3932:- 3088:+_4016:+ 3337:-_4268:- 3585:+_4516:+ 6810:+_7677:+ 6820:+_7687:+ 7311:-_8176:- 7890:-_8732:- 8178:-_9018:- 9166:+_9984:+ 9639:-_10456:- 10352:-_11164:- 10363:-_11175:- 10470:+_11286:+ 10800:+_11613:+ 10889:+_11703:+ 11091:-_11908:- 11146:+_11963:+ 11326:-_12144:- 11401:-_12221:- 12373:-_13193:- 13354:+_14181:+ 13423:+_14250:+ 14117:+_14929:+ 15455:-_16248:- 17229:+_17966:+ 17589:-_18320:- 18232:+_18965:+ 20015:+_20731:+
ERR3219854.216418	scaf1	1	8835:-_393:-
ERR3219854.216418	scaf2	16	122:-_547:- 383:-_812:- 908:+_1328:+ 1102:+_1518:+ 1564:-_1984:- 1656:+_2075:+ 1756:+_2176:+ 1775:-_2195:- 2013:+_2435:+ 2016:-_2438:- 3480:+_3892:+ 3676:+_4088:+ 4283:+_4683:+ 5864:-_6209:- 10363:-_10587:- 10960:+_11177:+
ERR3219854.5675246	scaf2	24	8580:+_477:- 8178:-_874:+ 8034:-_1012:+ 7513:+_1532:- 7205:-_1844:+ 6747:-_2293:+ 5096:-_3907:+ 4824:+_4175:- 4592:-_4407:+ 4233:+_4770:- 4038:+_4963:- 4031:-_4970:+ 3757:+_5242:- 3549:-_5447:+ 3469:-_5525:+ 2771:+_6221:- 2429:-_6565:+ 2387:+_6607:- 2275:-_6718:+ 2221:+_6773:- 1395:-_7597:+ 1213:+_7778:- 794:-_8196:+ 365:+_8614:-
ERR3219854.5675246	scaf1	1	8718:+_9129:-
ERR3219857.2029026	scaf2	16	861:+_229:+ 1798:+_1170:+ 1989:-_1364:- 2923:-_2297:- 3585:+_2958:+ 3644:-_3017:- 4038:+_3414:+ 4498:+_3878:+ 5112:-_4494:- 6407:+_5780:+ 8156:+_7487:+ 8996:+_8326:+ 9565:-_8886:- 9871:+_9204:+ 10088:-_9422:- 10263:+_9601:+
ERR3219854.404961	scaf2	25	12892:-_572:+ 12877:+_587:- 12852:-_612:+ 12473:-_984:+ 12258:+_1195:- 11670:-_1788:+ 11541:+_1912:- 11326:-_2125:+ 11203:+_2246:- 10659:+_2781:- 10470:+_2966:- 9871:+_3562:- 9752:-_3679:+ 8156:+_5245:- 8151:-_5250:+ 7740:+_5655:- 5680:+_7439:- 3703:+_9389:- 3676:+_9416:- 3644:-_9448:+ 3292:+_9792:- 2562:+_10517:- 2221:+_10845:- 1856:+_11210:- 1756:+_11309:-
ERR3219857.5429521	scaf2	16	1395:-_75:- 2562:+_1280:+ 2997:-_1731:- 3004:-_1738:- 3337:-_2068:- 3644:-_2385:- 4728:-_3459:- 4733:-_3464:- 5886:+_4628:+ 6340:+_5082:+ 6894:+_5635:+ 6968:-_5707:- 7311:-_6051:- 8156:+_6894:+ 8580:+_7308:+ 9166:+_7888:+
ERR3219854.1852525	scaf3	20	13491:+_6311:- 13393:+_6409:- 12776:-_7015:+ 11600:-_8160:+ 11021:+_8729:- 10539:-_9204:+ 10128:-_9618:+ 10005:+_9740:- 9180:+_10546:- 9039:-_10691:+ 7141:-_12508:+ 5785:-_13874:+ 5529:-_14126:+ 5504:+_14151:- 5461:-_14194:+ 4933:-_14729:+ 2132:+_17509:- 1662:+_17961:- 1660:-_17963:+ 1029:-_18586:+
ERR3219857.3685127	scaf4	7	2445:-_439:+ 2268:+_624:- 868:-_2020:+ 847:+_2041:- 834:-_2054:+ 813:-_2075:+ 722:+_2165:-
ERR3219857.3685127	scaf3	10	2621:-_5458:- 3840:+_6692:+ 6062:+_8909:+ 7232:+_10091:+ 7501:-_10357:- 7713:-_10565:- 8507:-_11386:- 8532:+_11411:+ 10832:-_13752:- 11412:-_14329:-
ERR3219854.1284517	scaf4	12	8187:+_19893:- 7731:+_20345:- 7488:+_20589:- 7118:+_20946:- 7097:+_20967:- 6849:-_21205:+ 5954:+_22077:- 5551:+_22479:- 5230:+_22787:- 5016:-_23003:+ 2319:+_25680:- 1784:+_26208:-
ERR3219854.1284517	scaf3	30	146:-_28034:- 1493:+_29344:+ 4933:-_32687:- 4956:+_32710:+ 5181:-_32926:- 5504:+_33246:+ 5639:+_33382:+ 6057:-_33796:- 6062:+_33801:+ 6451:-_34183:- 6809:+_34550:+ 6862:-_34605:- 7141:-_34883:- 7308:+_35045:+ 7501:-_35223:- 7622:+_35347:+ 7857:+_35577:+ 8258:-_35968:- 8532:+_36240:+ 8657:+_36361:+ 9734:+_37439:+ 10049:-_37759:- 10057:-_37767:- 11099:+_38795:+ 11345:+_39041:+ 11412:-_39107:- 12324:-_39994:- 12559:+_40224:+ 13711:+_41345:+ 13844:-_41475:-
ERR3219857.4451453	scaf3	4	12148:+_271:- 10736:-_1693:+ 10128:-_2302:+ 9620:-_2830:+
ERR3219857.4451453	scaf4	10	394:-_12966:- 1842:-_14436:- 2653:+_15247:+ 3264:+_15872:+ 4373:+_17008:+ 4374:+_17009:+ 4669:+_17312:+ 5283:-_17938:- 5508:+_18167:+ 5672:+_18333:+
ERR3219857.4089540	scaf3	15	10736:-_909:+ 10128:-_1508:+ 10109:+_1527:- 9667:-_1981:+ 8044:-_3605:+ 8042:+_3607:- 7713:-_3928:+ 7622:+_4021:- 7501:-_4139:+ 7232:+_4420:- 7041:+_4610:- 6668:+_4982:- 5925:-_5723:+ 2994:+_8645:- 1556:+_10051:-
ERR3219857.4089540	scaf4	10	446:-_11950:- 847:+_12350:+ 868:-_12371:- 1128:+_12632:+ 1350:+_12846:+ 1639:+_13142:+ 2445:-_13938:- 2691:+_14187:+ 2770:-_14263:- 2861:-_14352:-
ERR3219857.1684872	scaf3	9	11260:+_384:- 7468:+_4024:- 6226:+_5245:- 6215:+_5256:- 5144:-_6307:+ 4271:+_7133:- 1460:+_9807:- 1304:+_9962:- 282:-_10958:+
ERR3219857.1684872	scaf4	11	148:+_11309:+ 394:-_11537:- 446:-_11588:- 813:-_11942:- 1350:+_12480:+ 1793:-_12913:- 2006:+_13119:+ 4363:+_15448:+ 4373:+_15458:+ 4374:+_15459:+ 5551:+_16617:+
ERR3219857.1814045	scaf3	9	9353:+_2149:- 8507:-_2989:+ 7622:+_3873:- 6154:+_5320:- 5891:-_5589:+ 5732:-_5748:+ 5305:+_6180:- 4915:-_6579:+ 3294:+_8181:-
ERR3219857.5903038	scaf3	3	8911:+_2177:- 8191:-_2913:+ 1556:+_9703:-
ERR3219857.5903038	scaf4	1	1498:-_12804:-
ERR3219857.5310027	scaf3	16	9667:-_746:+ 9665:-_748:+ 8848:-_1556:+ 7041:+_3381:- 6960:-_3462:+ 6366:-_4065:+ 6215:+_4218:- 5504:+_4937:- 5181:-_5263:+ 4467:-_5996:+ 4059:-_6408:+ 3367:-_7089:+ 3143:-_7315:+ 1662:+_8786:- 1660:-_8788:+ 1556:+_8897:-
ERR3219854.2801882	scaf3	25	1160:+_148:+ 3695:+_2671:+ 3719:-_2695:- 3721:-_2697:- 4271:+_3249:+ 4503:+_3478:+ 4530:-_3505:- 4701:+_3675:+ 5128:-_4107:- 5144:-_4123:- 5891:-_4867:- 5955:+_4935:+ 6215:+_5195:+ 6226:+_5206:+ 6366:-_5347:- 6451:-_5433:- 6640:-_5622:- 7041:+_6012:+ 7141:-_6110:- 7622:+_6579:+ 8191:-_7135:- 8532:+_7467:+ 9057:+_7987:+ 10109:+_9033:+ 10128:-_9052:-
ERR3219854.3242246	scaf3	18	9322:+_935:- 9041:+_1220:- 9039:-_1222:+ 8657:+_1604:- 8044:-_2207:+ 6366:-_3876:+ 6226:+_4019:- 6215:+_4030:- 5891:-_4366:+ 5181:-_5095:+ 5144:-_5132:+ 4198:-_6054:+ 4152:-_6100:+ 3840:+_6422:- 3294:+_6945:- 2621:-_7602:+ 2132:+_8080:- 1029:-_9180:+
ERR3219857.154233	scaf3	10	8022:-_2111:+ 7783:-_2346:+ 6226:+_3885:- 6215:+_3896:- 4956:+_5131:- 4933:-_5154:+ 3162:-_6914:+ 1842:-_8226:+ 1662:+_8399:- 657:+_9389:-
ERR3219857.154233	scaf4	7	1069:+_11018:+ 1793:-_11767:- 2861:-_12908:- 4145:-_14167:- 4152:-_14174:- 4374:+_14397:+ 4428:+_14450:+
ERR3219854.2075285	scaf3	27	9667:-_218:+ 9039:-_842:+ 8734:+_1143:- 8657:+_1221:- 7783:-_2087:+ 7259:-_2597:+ 7232:+_2624:- 6533:+_3318:- 6451:-_3402:+ 6293:-_3560:+ 5925:-_3931:+ 5891:-_3965:+ 5785:-_4070:+ 4821:+_5031:- 4794:-_5058:+ 4271:+_5575:- 3367:-_6471:+ 3162:-_6672:+ 3143:-_6691:+ 2994:+_6836:- 2873:-_6956:+ 2027:+_7794:- 1662:+_8154:- 1556:+_8259:- 1386:+_8431:- 1369:-_8448:+ 61:+_9759:-
ERR3219854.2075285	scaf4	17	180:+_9937:+ 272:-_10028:- 446:-_10192:- 641:-_10380:- 651:-_10390:- 1259:+_10987:+ 1842:-_11563:- 4669:+_14347:+ 6235:+_15873:+ 6242:-_15880:- 6676:-_16312:- 7043:-_16679:- 7118:+_16753:+ 7470:+_17102:+ 7488:+_17120:+ 8032:-_17668:- 8187:+_17825:+
ERR3219857.465461	scaf3	26	9620:-_262:+ 9039:-_833:+ 8734:+_1141:- 7924:+_1963:- 7041:+_2838:- 5816:+_4042:- 5732:-_4128:+ 5504:+_4358:- 5461:-_4399:+ 5383:-_4477:+ 5295:-_4575:+ 5144:-_4725:+ 5128:-_4741:+ 4956:+_4899:- 3924:-_5941:+ 2621:-_7240:+ 1793:+_8052:- 1790:+_8055:- 1694:+_8149:- 1369:-_8472:+ 1304:+_8537:- 1088:+_8755:- 953:+_8895:- 526:+_9321:- 349:+_9494:- 282:-_9561:+
ERR3219857.465461	scaf4	13	148:+_9933:+ 394:-_10171:- 641:-_10418:- 1069:+_10844:+ 1128:+_10902:+ 1784:+_11556:+ 1793:-_11565:- 2319:+_12092:+ 2587:-_12360:- 3352:+_13130:+ 3847:-_13624:- 4220:+_13996:+ 4428:+_14202:+
ERR3219854.1946508	scaf4	38	8120:-_2574:+ 7992:+_2700:- 7679:-_2999:+ 7118:+_3542:- 6849:-_3807:+ 5865:-_4787:+ 5798:-_4853:+ 5797:+_4854:- 5794:+_4857:- 5751:-_4900:+ 5672:+_4975:- 5604:+_5043:- 5551:+_5093:- 5283:-_5353:+ 5036:+_5595:- 4428:+_6202:- 4220:+_6406:- 4152:-_6474:+ 4145:-_6481:+ 4055:+_6569:- 3990:-_6635:+ 3658:-_6962:+ 2691:+_7932:- 2445:-_8174:+ 2319:+_8301:- 1793:-_8811:+ 1784:+_8820:- 1554:+_9052:- 1387:+_9213:- 1350:+_9250:- 1259:+_9339:- 868:-_9717:+ 847:+_9738:- 834:-_9751:+ 813:-_9772:+ 641:-_9941:+ 543:-_10037:+ 394:-_10183:+
ERR3219854.1946508	scaf3	28	146:-_10644:- 842:-_11333:- 887:+_11380:+ 1160:+_11646:+ 1369:-_11853:- 1386:+_11870:+ 2132:+_12607:+ 2523:-_12995:- 2575:-_13047:- 2621:-_13091:- 3563:+_14024:+ 3719:-_14176:- 3721:-_14178:- 4059:-_14515:- 4271:+_14723:+ 4351:+_14803:+ 4503:+_14957:+ 4530:-_14984:- 4956:+_15419:+ 5383:-_15841:- 5785:-_16234:- 6960:-_17400:- 7232:+_17675:+ 7622:+_18060:+ 8258:-_18689:- 8379:-_18809:- 8532:+_18955:+ 8899:+_19313:+
ERR3219854.5081358	scaf4	1	641:-_2163:+
ERR3219854.5081358	scaf3	1	6226:+_8903:+
ERR3219857.2289065	scaf3	3	5785:-_3277:+ 5128:-_3923:+ 1556:+_7467:-
ERR3219857.2289065	scaf4	1	641:-_9585:-
ERR3219854.5206570	scaf4	6	6436:+_685:- 5604:+_1490:- 1694:-_5370:+ 847:+_6207:- 651:-_6407:+ 641:-_6417:+
ERR3219854.5206570	scaf3	12	3339:-_10347:- 3563:+_10566:+ 3695:+_10696:+ 4271:+_11264:+ 4467:-_11466:- 4503:+_11502:+ 5144:-_12135:- 6366:-_13333:- 7041:+_14014:+ 7783:-_14741:- 7863:-_14825:- 7870:-_14832:-
ERR3219854.4241862	scaf3	23	8191:-_186:+ 7863:-_516:+ 7857:+_522:- 7468:+_909:- 7141:-_1223:+ 6451:-_1904:+ 6154:+_2196:- 5891:-_2464:+ 5732:-_2625:+ 5383:-_2964:+ 3840:+_4497:- 3721:-_4617:+ 3719:-_4619:+ 2878:-_5441:+ 2873:-_5446:+ 2621:-_5695:+ 2027:+_6294:- 1304:+_7008:- 1088:+_7217:- 842:-_7459:+ 349:+_7942:- 282:-_8009:+ 274:+_8017:-
ERR3219854.4241862	scaf4	7	97:+_8338:+ 394:-_8638:- 641:-_8888:- 1069:+_9306:+ 1441:+_9671:+ 2792:+_11019:+ 3536:-_11754:-
ERR3219857.2109207	scaf4	3	3876:-_471:+ 2006:+_2340:- 1069:+_3275:-
ERR3219857.2109207	scaf3	24	733:+_4994:+ 958:-_5219:- 969:-_5230:- 1660:-_5936:- 1662:+_5938:+ 2257:-_6540:- 2873:-_7163:- 2994:+_7282:+ 3339:-_7633:- 4271:+_8590:+ 4351:+_8672:+ 4503:+_8824:+ 4701:+_9022:+ 4821:+_9141:+ 4933:-_9253:- 4956:+_9276:+ 5003:+_9323:+ 5657:+_9970:+ 5891:-_10203:- 6215:+_10531:+ 6226:+_10542:+ 6451:-_10770:- 7501:-_11810:- 7509:+_11818:+
ERR3219857.4550407	scaf3	5	5891:-_2369:+ 4271:+_3994:- 3097:-_5170:+ 2759:-_5507:+ 2621:-_5638:+
ERR3219857.4550407	scaf4	3	641:-_8852:- 2381:-_10595:- 2691:+_10910:+
ERR3219854.5555289	scaf4	11	4428:+_123:- 4374:+_177:- 4373:+_178:- 4363:+_188:- 4152:-_391:+ 4145:-_398:+ 3422:-_1104:+ 2861:-_1654:+ 2268:+_2246:- 722:+_3748:- 446:-_4024:+
ERR3219854.5555289	scaf3	15	174:-_4594:- 1088:+_5508:+ 1160:+_5580:+ 1460:+_5877:+ 2257:-_6653:- 4059:-_8426:- 4351:+_8718:+ 4503:+_8867:+ 5181:-_9539:- 5193:+_9551:+ 5260:-_9618:- 5616:-_9974:- 6090:-_10432:- 7041:+_11370:+ 7232:+_11561:+
ERR3219857.4466444	scaf4	3	1912:-_2177:+ 1069:+_3004:- 305:-_3745:+
ERR3219857.4466444	scaf3	20	146:-_4147:- 349:+_4350:+ 563:-_4572:- 1460:+_5478:+ 1493:+_5511:+ 1842:-_5857:- 2132:+_6152:+ 2994:+_7008:+ 3924:-_7926:- 4198:-_8203:- 4530:-_8540:- 5003:+_9001:+ 5181:-_9172:- 5193:+_9184:+ 5260:-_9251:- 5785:-_9781:- 6090:-_10088:- 6451:-_10442:- 7041:+_11038:+ 7232:+_11230:+
ERR3219854.5643817	scaf4	14	3990:-_313:+ 3791:-_513:+ 3422:-_877:+ 2898:-_1394:+ 2691:+_1599:- 2445:-_1843:+ 2119:-_2165:+ 1793:-_2475:+ 1694:-_2571:+ 1498:-_2766:+ 1069:+_3191:- 868:-_3387:+ 641:-_3605:+ 446:-_3801:+
ERR3219854.5643817	scaf3	28	146:-_4317:- 733:+_4883:+ 1386:+_5517:+ 1460:+_5591:+ 1493:+_5624:+ 2132:+_6247:+ 2411:+_6516:+ 2421:+_6526:+ 3088:-_7185:- 3097:-_7194:- 3563:+_7662:+ 4023:+_8113:+ 4059:-_8149:- 4351:+_8441:+ 4434:+_8524:+ 4701:+_8786:+ 5193:+_9270:+ 5504:+_9575:+ 5639:+_9711:+ 5785:-_9853:- 5955:+_10022:+ 6062:+_10130:+ 6154:+_10223:+ 6293:-_10365:- 6533:+_10609:+ 6960:-_11030:- 7232:+_11294:+ 7376:+_11436:+
ERR3219857.1942131	scaf3	15	6960:-_462:+ 6366:-_1063:+ 6154:+_1269:- 5193:+_2215:- 5181:-_2227:+ 5003:+_2404:- 4530:-_2859:+ 4152:-_3233:+ 3721:-_3669:+ 3719:-_3671:+ 3695:+_3695:- 1556:+_5772:- 1029:-_6290:+ 818:-_6493:+ 61:+_7224:-
ERR3219857.1942131	scaf4	3	148:+_7374:+ 1350:+_8556:+ 1441:+_8649:+
ERR3219857.5444125	scaf3	6	6809:+_276:- 6336:+_762:- 6154:+_938:- 3924:-_3196:+ 1304:+_5810:- 1029:-_6092:+
ERR3219857.5444125	scaf4	12	180:+_7236:+ 641:-_7697:- 651:-_7707:- 2006:+_9074:+ 2445:-_9511:- 3583:+_10658:+ 4055:+_11137:+ 5036:+_12128:+ 5497:-_12591:- 5865:-_12969:- 6045:+_13150:+ 6135:+_13239:+
ERR3219857.5655338	scaf4	1	950:-_451:+
ERR3219857.5655338	scaf3	10	146:-_1493:- 526:+_1884:+ 2873:-_4228:- 3563:+_4912:+ 4152:-_5504:- 4271:+_5625:+ 4794:-_6153:- 4933:-_6298:- 4956:+_6321:+ 5785:-_7145:-
ERR3219854.1294322	scaf4	19	8187:+_6525:- 7885:-_6820:+ 7642:+_7066:- 6744:-_7953:+ 6676:-_8020:+ 6242:-_8448:+ 6235:+_8455:- 5930:-_8753:+ 5604:+_9088:- 5403:+_9283:- 4574:+_10118:- 2319:+_12368:- 2268:+_12419:- 1259:+_13416:- 813:-_13866:+ 722:+_13952:- 651:-_14019:+ 641:-_14029:+ 543:-_14129:+
ERR3219854.1294322	scaf3	28	146:-_14751:- 349:+_14951:+ 1088:+_15686:+ 1556:+_16154:+ 1579:-_16177:- 2112:+_16696:+ 2132:+_16716:+ 2873:-_17383:- 3294:+_17801:+ 3337:+_17844:+ 3339:-_17846:- 3364:-_17871:- 3367:-_17874:- 3563:+_18068:+ 3840:+_18334:+ 3924:-_18418:- 4271:+_18768:+ 4701:+_19194:+ 4794:-_19288:- 4933:-_19426:- 4956:+_19449:+ 5529:-_20023:- 5657:+_20150:+ 5732:-_20225:- 5925:-_20417:- 6215:+_20708:+ 6226:+_20719:+ 6366:-_20859:-
ERR3219857.3902419	scaf3	10	6336:+_141:- 6226:+_253:- 6215:+_264:- 5732:-_757:+ 4608:-_1889:+ 4503:+_1993:- 4059:-_2424:+ 1662:+_4793:- 1160:+_5285:- 61:+_6381:-
ERR3219857.6231587	scaf3	8	842:-_6443:- 1182:-_6786:- 1200:+_6804:+ 1556:+_7150:+ 2411:+_8002:+ 4351:+_9935:+ 4933:-_10454:- 5732:-_11261:-
ERR3219857.2564548	scaf4	17	7679:-_952:+ 7043:-_1582:+ 6882:-_1742:+ 6714:-_1910:+ 6676:-_1948:+ 6242:-_2383:+ 6045:+_2575:- 5604:+_3012:- 4862:-_3750:+ 4220:+_4404:- 3510:+_5086:- 3422:-_5175:+ 3100:+_5492:- 2792:+_5785:- 2091:+_6471:- 950:-_7597:+ 446:-_8102:+
ERR3219857.2564548	scaf3	13	349:+_8839:+ 733:+_9213:+ 1160:+_9646:+ 2027:+_10506:+ 2395:+_10873:+ 2994:+_11473:+ 3143:-_11626:- 3467:+_11964:+ 3721:-_12214:- 3924:-_12408:- 4503:+_12987:+ 4933:-_13406:- 4956:+_13429:+
ERR3219854.4169792	scaf4	13	5551:+_644:- 5403:+_786:- 5383:+_806:- 4794:-_1382:+ 4532:+_1635:- 4503:+_1664:- 4363:+_1808:- 4152:-_2015:+ 3658:-_2508:+ 2381:-_3781:+ 1694:-_4453:+ 446:-_5701:+ 148:+_5993:-
ERR3219854.4169792	scaf3	17	349:+_6437:+ 733:+_6819:+ 842:-_6929:- 953:+_7040:+ 958:-_7045:- 1029:-_7115:- 1088:+_7174:+ 1369:-_7468:- 1460:+_7556:+ 2132:+_8223:+ 2575:-_8659:- 2873:-_8955:- 2878:-_8960:- 2884:+_8966:+ 2922:-_9004:- 4023:+_10097:+ 4933:-_11023:-
ERR3219854.1138182	scaf3	6	3563:+_1543:- 2621:-_2462:+ 1556:+_3497:- 1369:-_3679:+ 1304:+_3742:- 818:-_4227:+
ERR3219854.1138182	scaf4	5	2268:+_7180:+ 3857:+_8727:+ 4152:-_9013:- 5865:-_10699:- 6413:-_11234:-
ERR3219854.2568626	scaf4	11	7118:+_5291:- 7097:+_5312:- 6714:-_5699:+ 6045:+_6377:- 5403:+_6997:- 4669:+_7706:- 4503:+_7870:- 4152:-_8226:+ 1694:-_10646:+ 1387:+_10950:- 1350:+_10987:-
ERR3219854.2568626	scaf3	10	174:-_12359:- 969:-_13160:- 1088:+_13278:+ 1556:+_13737:+ 2411:+_14570:+ 2421:+_14580:+ 2621:-_14775:- 3216:+_15364:+ 3367:-_15515:- 4198:-_16333:-
ERR3219854.5192144	scaf4	11	7679:-_4613:+ 7642:+_4650:- 6045:+_6247:- 5604:+_6690:- 5403:+_6892:- 4574:+_7730:- 4374:+_7930:- 4373:+_7931:- 2653:+_9625:- 641:-_11643:+ 446:-_11837:+
ERR3219854.5192144	scaf3	4	842:-_13065:- 1493:+_13697:+ 2621:-_14793:- 4434:+_16596:+
ERR3219854.4282400	scaf4	27	8229:+_12217:- 7470:+_12968:- 6553:-_13889:+ 6305:+_14132:- 5865:-_14571:+ 5403:+_15025:- 5283:-_15144:+ 4862:-_15578:+ 4532:+_15908:- 3847:-_16591:+ 3583:+_16854:- 2983:+_17459:- 2587:-_17854:+ 2091:+_18335:- 2006:+_18423:- 1912:-_18511:+ 1793:-_18632:+ 1201:-_19226:+ 1128:+_19299:- 1069:+_19356:- 813:-_19606:+ 665:+_19752:- 651:-_19766:+ 641:-_19776:+ 543:-_19873:+ 394:-_20021:+ 305:-_20116:+
ERR3219854.4282400	scaf3	7	146:-_20494:- 1029:-_21380:- 2112:+_22460:+ 2994:+_23328:+ 3097:-_23429:- 3367:-_23695:- 4059:-_24384:-
ERR3219857.3777841	scaf4	10	3879:+_197:- 3876:-_200:+ 3857:+_219:- 3847:-_229:+ 3704:+_371:- 3536:-_540:+ 2792:+_1273:- 2691:+_1377:- 2091:+_1959:- 641:-_3378:+
ERR3219857.3777841	scaf3	5	146:-_4114:- 428:-_4390:- 1029:-_5006:- 1556:+_5543:+ 2621:-_6594:-
ERR3219854.329401	scaf3	4	3143:-_1011:+ 2801:+_1342:- 1029:-_3072:+ 657:+_3437:-
ERR3219854.329401	scaf4	12	97:+_4120:+ 180:+_4204:+ 2691:+_6651:+ 3233:-_7180:- 3847:-_7791:- 3857:+_7801:+ 4055:+_7987:+ 4145:-_8076:- 4152:-_8083:- 4333:+_8258:+ 6676:-_10557:- 7731:+_11567:+
ERR3219854.5194123	scaf3	5	3367:-_577:+ 1694:+_2229:- 1460:+_2461:- 1029:-_2900:+ 563:-_3358:+
ERR3219854.5194123	scaf4	11	394:-_4253:- 813:-_4667:- 868:-_4721:- 1784:+_5638:+ 2006:+_5860:+ 2445:-_6302:- 2653:+_6507:+ 3536:-_7401:- 4333:+_8192:+ 6254:+_10090:+ 6553:-_10401:-
ERR3219857.4257296	scaf4	17	7470:+_151:- 7118:+_501:- 6882:-_736:+ 6676:-_942:+ 6045:+_1564:- 4574:+_3030:- 4532:+_3072:- 3857:+_3734:- 3704:+_3891:- 3658:-_3937:+ 3536:-_4058:+ 2445:-_5125:+ 1912:-_5659:+ 1441:+_6110:- 641:-_6889:+ 394:-_7128:+ 305:-_7215:+
ERR3219857.4257296	scaf3	8	146:-_7598:- 1029:-_8477:- 1694:+_9118:+ 1842:-_9262:- 2411:+_9821:+ 2421:+_9831:+ 2426:-_9836:- 2801:+_10199:+
ERR3219854.5257741	scaf4	12	7470:+_8036:- 6436:+_9070:- 4220:+_11284:- 4055:+_11449:- 3876:-_11635:+ 3658:-_11867:+ 2898:-_12631:+ 2792:+_12734:- 1784:+_13726:- 1694:-_13817:+ 1350:+_14157:- 1128:+_14380:-
ERR3219854.5257741	scaf3	1	2873:-_18280:-
ERR3219854.3980275	scaf4	7	7992:+_15272:- 7642:+_15604:- 7470:+_15771:- 6975:+_16276:- 5672:+_17576:- 4503:+_18747:- 3658:-_19601:+
ERR3219854.3980275	scaf3	1	61:+_23178:+
ERR3219857.1909061	scaf3	3	1842:-_853:+ 1493:+_1210:- 282:-_2405:+
ERR3219857.1909061	scaf4	11	834:-_3446:- 1793:-_4411:- 2319:+_4939:+ 4152:-_6750:- 4669:+_7243:+ 5283:-_7851:- 5383:+_7948:+ 5403:+_7968:+ 6242:-_8776:- 6714:-_9251:- 7642:+_10175:+
ERR3219854.3416129	scaf4	25	7885:-_12266:+ 7679:-_12471:+ 7470:+_12674:- 6676:-_13460:+ 6413:-_13729:+ 6045:+_14092:- 5797:+_14337:- 5794:+_14340:- 5508:+_14620:- 5230:+_14886:- 5147:-_14965:+ 4532:+_15576:- 4374:+_15732:- 4247:+_15859:- 3990:-_16114:+ 3847:-_16251:+ 3658:-_16446:+ 2898:-_17202:+ 1784:+_18298:- 1441:+_18635:- 1128:+_18950:- 847:+_19228:- 446:-_19638:+ 180:+_19901:- 97:+_19986:-
ERR3219854.3416129	scaf3	5	146:-_20168:- 657:+_20672:+ 733:+_20747:+ 1029:-_21041:- 1160:+_21173:+
ERR3219857.588019	scaf4	9	6651:+_320:- 4899:-_2049:+ 3857:+_3088:- 3847:-_3098:+ 2319:+_4589:- 2091:+_4817:- 1069:+_5845:- 651:-_6254:+ 641:-_6264:+
ERR3219857.588019	scaf3	4	1160:+_7979:+ 1493:+_8310:+ 1660:-_8478:- 1662:+_8480:+
ERR3219854.4447847	scaf3	3	1223:-_410:+ 1088:+_543:- 1029:-_602:+
ERR3219854.4447847	scaf4	19	394:-_1862:- 641:-_2116:- 1128:+_2590:+ 2006:+_3466:+ 2691:+_4140:+ 2861:-_4312:- 3791:-_5265:- 4145:-_5616:- 4152:-_5623:- 4503:+_5963:+ 4669:+_6127:+ 4794:-_6250:- 4945:+_6398:+ 5036:+_6492:+ 6242:-_7703:- 6254:+_7715:+ 6651:+_8106:+ 6975:+_8424:+ 7549:-_9015:-
ERR3219857.1493972	scaf4	16	7908:-_973:+ 7642:+_1233:- 7470:+_1406:- 7221:+_1657:- 5508:+_3348:- 5497:-_3359:+ 5283:-_3557:+ 3704:+_5139:- 3658:-_5184:+ 3583:+_5261:- 2268:+_6579:- 2255:+_6592:- 1793:-_7045:+ 1784:+_7054:- 1201:-_7631:+ 1128:+_7703:-
ERR3219857.1493972	scaf3	2	146:-_8893:- 349:+_9094:+
ERR3219854.2534717	scaf3	1	818:-_161:+
ERR3219854.2534717	scaf4	20	1128:+_2027:+ 1639:+_2538:+ 1793:-_2687:- 1842:-_2736:- 1912:-_2806:- 2445:-_3331:- 2558:-_3444:- 2587:-_3473:- 2653:+_3541:+ 3422:-_4298:- 3791:-_4664:- 3876:-_4753:- 4794:-_5659:- 5751:-_6607:- 5865:-_6719:- 6436:+_7284:+ 6651:+_7493:+ 6676:-_7518:- 6714:-_7556:- 7731:+_8560:+
ERR3219857.2529127	scaf4	21	7908:-_3885:+ 7731:+_4059:- 6975:+_4821:- 6754:+_5039:- 5865:-_5915:+ 4707:-_7048:+ 4374:+_7381:- 4373:+_7382:- 4247:+_7506:- 4145:-_7602:+ 4055:+_7692:- 3847:-_7903:+ 3658:-_8096:+ 3422:-_8333:+ 2861:-_8893:+ 2445:-_9295:+ 2268:+_9473:- 1498:-_10243:+ 1259:+_10473:- 1128:+_10608:- 1069:+_10667:-
ERR3219857.2529127	scaf3	2	657:+_12330:+ 733:+_12406:+
ERR3219857.5089807	scaf4	21	8333:+_2496:- 7806:+_3018:- 7221:+_3624:- 6242:-_4599:+ 6045:+_4801:- 5283:-_5556:+ 4669:+_6163:- 4503:+_6332:- 4220:+_6621:- 4145:-_6700:+ 3857:+_6989:- 3658:-_7193:+ 2653:+_8212:- 2445:-_8410:+ 1784:+_9067:- 1639:+_9220:- 1069:+_9795:- 641:-_10224:+ 180:+_10678:- 148:+_10710:- 97:+_10761:-
ERR3219854.2470835	scaf4	22	8120:-_8872:+ 7885:-_9104:+ 7642:+_9352:- 7549:-_9445:+ 7470:+_9527:- 7457:+_9540:- 7413:+_9584:- 7043:-_9954:+ 6553:-_10448:+ 6045:+_10956:- 5798:-_11194:+ 5797:+_11195:- 5794:+_11198:- 5036:+_11943:- 4574:+_12401:- 4055:+_12913:- 2983:+_13975:- 2587:-_14368:+ 1912:-_15032:+ 1069:+_15853:- 813:-_16107:+ 180:+_16725:-
ERR3219854.2470835	scaf3	1	146:-_16982:-
ERR3219854.1713626	scaf4	21	7123:-_3734:+ 6882:-_3977:+ 6651:+_4203:- 6395:-_4457:+ 5794:+_5056:- 5751:-_5099:+ 5672:+_5175:- 5551:+_5293:- 5403:+_5435:- 5230:+_5609:- 4669:+_6175:- 4532:+_6310:- 3847:-_6993:+ 2691:+_8145:- 2653:+_8183:- 2587:-_8246:+ 1784:+_9064:- 1387:+_9464:- 1069:+_9777:- 651:-_10192:+ 543:-_10298:+
ERR3219857.3299686	scaf4	11	1441:+_648:+ 2587:-_1792:- 4145:-_3339:- 4152:-_3346:- 4374:+_3567:+ 5797:+_4919:+ 5798:-_4920:- 5865:-_4988:- 6242:-_5369:- 6305:+_5432:+ 6553:-_5682:-
