scaf1+	scaf2+	n=34, gap_estimates=[-72, -109, -86, -72, -84, -149, -88, -79, -97, -49, -80, -71, -78, -89, -52, -227, -68, -90, -89, -77, -96, -73, -72, -73, -125, -71, -105, -103, -67, -25, -95, -120, -71, -70], anchor=27
scaf3-	scaf4+	n=43, gap_estimates=[-50, -104, 122, -103, -79, 47, -97, -63, -58, -79, -127, -79, -50, -50, -83, -48, -50, -49, -76, -59, -65, -54, -67, -58, -53, -133, -152, -60, -73, -51, -71, -62, -68, -101, -142, -75, -61, -86, -163, -84, -80, -63, -69], anchor=35
