182169	0	17429
183836	0	13589
189459	0	21956
190964	0	36887
