scaf1	0	8913
scaf2	46	30523
scaf3	57	15069
scaf4	40	8463
