188266+	189231-	n=11, gap_estimates=[1296, 4636, 4521, 4762, 4746, 4380, 4554, 4541, 4339, 4666, 4479], anchor=6
