188266+	189231-	n=9, gap_estimates=[4380, 2574, 4737, 4523, 2491, 4578, 4581, 4691, 4628], anchor=7
183836+	189459-	n=13, gap_estimates=[-4, 70, 55, 89, -25, 106, 31, 53, 116, 109, 99, -443, 102], anchor=12
182169+	189459-	n=6, gap_estimates=[13945, 13685, 14020, 13873, 13958, 13764], anchor=5
189459+	190964+	n=1, gap_estimates=[32413], anchor=1
182169+	183836+	n=23, gap_estimates=[466, 440, 463, 394, 444, 405, 425, 441, 338, 432, 432, 361, 448, 387, 453, 466, 456, 408, 372, 426, 417, 505, 474], anchor=20
183836-	190964+	n=2, gap_estimates=[18934, 18929], anchor=2
182169-	190964+	n=17, gap_estimates=[1348, 1340, 1292, 1324, 1287, 645, 1344, 1312, 1090, 1325, 1352, 1314, 1246, 1293, 1340, 1352, 1278], anchor=12
