183836+	189459-	n=17, gap_estimates=[119, 100, -166, 69, -28, 89, 103, -80, 120, 37, 95, 143, 39, -440, 84, 132, 133], anchor=16
182169+	189459-	n=8, gap_estimates=[13921, 13683, 14002, 13889, 13936, 13794, 13604, 13941], anchor=8
189459+	190964+	n=1, gap_estimates=[32381], anchor=1
182169+	183836+	n=25, gap_estimates=[418, 456, 411, 413, 438, 426, 409, 448, 437, 214, 356, 452, 375, 463, 456, 469, 472, 448, 462, 298, 456, 432, 464, 476, 449], anchor=23
183836-	190964+	n=2, gap_estimates=[18878, 18804], anchor=2
182169-	190964+	n=13, gap_estimates=[1352, 1232, 1275, 1347, 1282, 1177, 1293, 1267, 1366, 1330, 1257, 1301, 1342], anchor=12
